main.c:99:7:diameter	24	static
main.c:103:7:rotationForShoot	16	static
main.c:107:5:targetPulseCount	16	static
main.c:112:6:HAL_UART_RxCpltCallback	16	static
main.c:120:5:_write	24	static
main.c:131:5:__io_getchar	8	static
main.c:148:6:HAL_GPIO_EXTI_Callback	24	static
main.c:170:5:main	48	static
main.c:323:6:SystemClock_Config	88	static
main.c:365:13:MX_NVIC_Init	8	static
main.c:379:13:MX_ADC1_Init	24	static
main.c:440:13:MX_SPI1_Init	8	static
main.c:476:13:MX_TIM1_Init	32	static
main.c:519:13:MX_USART2_UART_Init	8	static
main.c:548:13:MX_DMA_Init	16	static
main.c:571:13:MX_GPIO_Init	48	static
main.c:631:6:Error_Handler	4	static
